=== alpha_zero, seed=20260809, epochs=30 ===
0         0.812048    1.087144    00:13
1         0.676842    0.921980    00:12
2         0.601441    0.822287    00:13
3         0.555839    0.788017    00:12
4         0.545993    0.766632    00:12
5         0.554367    0.756004    00:12
6         0.521932    0.738915    00:12
7         0.519633    0.749787    00:12
8         0.515018    0.725320    00:12
9         0.520633    0.738500    00:12
10        0.511387    0.723203    00:12
11        0.516942    0.730032    00:12
12        0.516309    0.725928    00:12
13        0.509875    0.717806    00:12
14        0.495975    0.715261    00:12
15        0.494777    0.717321    00:12
16        0.506164    0.713942    00:13
17        0.506581    0.709977    00:12
18        0.494136    0.713047    00:12
19        0.507975    0.719826    00:12
20        0.496054    0.718062    00:12
21        0.499595    0.712260    00:12
22        0.494764    0.717751    00:12
23        0.505816    0.716400    00:12
24        0.491213    0.714239    00:12
25        0.480508    0.714461    00:12
26        0.484137    0.713102    00:12
27        0.470737    0.713085    00:12
28        0.496804    0.713373    00:12
29        0.489030    0.713258    00:13
{
  "condition": "alpha_zero",
  "seed": 20260809,
  "selected_alpha": "[0.0, 0.0, 0.0, 0.0, 0.0, 0.0]",
  "raw_valid_mse": 0.7099771400632864,
  "valid_mse": 0.7099771400632864,
  "valid_rmse": 0.8426014123316471,
  "valid_mae": 0.5528425322372853,
  "elapsed_seconds": 388.16261147899786,
  "total_params": 66211,
  "trainable_params": 66208,
  "device": "cuda:0"
}
=== alpha_zero, seed=20260810, epochs=30 ===
0         0.857805    1.121839    00:12
1         0.693657    0.929556    00:12
2         0.582966    0.819269    00:12
3         0.559546    0.790492    00:12
4         0.547396    0.765364    00:12
5         0.529228    0.747578    00:12
6         0.511902    0.738058    00:13
7         0.509795    0.738147    00:13
8         0.514968    0.738801    00:13
9         0.520333    0.737567    00:13
10        0.504399    0.741537    00:13
11        0.510380    0.732489    00:13
12        0.509188    0.720392    00:12
13        0.518853    0.733235    00:12
14        0.497669    0.732267    00:12
15        0.510101    0.728185    00:12
16        0.489494    0.727639    00:12
17        0.490069    0.725752    00:13
18        0.490236    0.729580    00:12
19        0.494524    0.721731    00:12
20        0.491518    0.723067    00:13
21        0.495066    0.722964    00:13
22        0.505526    0.721686    00:13
23        0.487906    0.720914    00:12
24        0.507663    0.720060    00:12
25        0.516787    0.720232    00:12
26        0.513809    0.720681    00:12
27        0.504743    0.721035    00:12
28        0.488445    0.720564    00:12
29        0.492811    0.721067    00:12
{
  "condition": "alpha_zero",
  "seed": 20260810,
  "selected_alpha": "[0.0, 0.0, 0.0, 0.0, 0.0, 0.0]",
  "raw_valid_mse": 0.7200600364991149,
  "valid_mse": 0.7200600364991149,
  "valid_rmse": 0.8485635135327908,
  "valid_mae": 0.5545703445104737,
  "elapsed_seconds": 389.7001232439943,
  "total_params": 66211,
  "trainable_params": 66208,
  "device": "cuda:0"
}
=== alpha_zero, seed=20260811, epochs=30 ===
0         0.803583    1.080256    00:13
1         0.659353    0.911479    00:13
2         0.597710    0.830479    00:12
3         0.554279    0.795990    00:12
4         0.541979    0.771370    00:13
5         0.529896    0.758563    00:12
6         0.528775    0.754363    00:12
7         0.533041    0.746546    00:13
8         0.508794    0.743394    00:13
9         0.504118    0.734019    00:12
10        0.519449    0.729183    00:12
11        0.515692    0.746511    00:12
12        0.501382    0.730708    00:12
13        0.518522    0.726849    00:13
14        0.508379    0.723876    00:12
15        0.489397    0.723979    00:12
16        0.493269    0.731527    00:12
17        0.514097    0.727806    00:12
18        0.492863    0.726899    00:12
19        0.507397    0.718619    00:12
20        0.500450    0.723534    00:12
21        0.491754    0.719105    00:12
22        0.499163    0.721380    00:12
23        0.498178    0.720048    00:12
24        0.478530    0.720575    00:12
25        0.487263    0.720836    00:12
26        0.500519    0.720374    00:12
27        0.492831    0.719865    00:12
28        0.494701    0.719907    00:12
29        0.495689    0.719684    00:12
{
  "condition": "alpha_zero",
  "seed": 20260811,
  "selected_alpha": "[0.0, 0.0, 0.0, 0.0, 0.0, 0.0]",
  "raw_valid_mse": 0.7186194667938801,
  "valid_mse": 0.7186194667938801,
  "valid_rmse": 0.8477142601100208,
  "valid_mae": 0.5560901351140377,
  "elapsed_seconds": 388.4121281009866,
  "total_params": 66211,
  "trainable_params": 66208,
  "device": "cuda:0"
}
=== uniform_alpha, seed=20260809, epochs=30 ===
0         0.811464    1.086928    00:15
1         0.676620    0.921790    00:15
2         0.601806    0.822872    00:15
3         0.556929    0.789048    00:15
4         0.544101    0.763923    00:15
5         0.551450    0.745391    00:15
6         0.519641    0.727175    00:15
7         0.515496    0.738537    00:15
8         0.508981    0.712833    00:15
9         0.513863    0.726368    00:15
10        0.505558    0.710306    00:15
11        0.510298    0.718460    00:15
12        0.511593    0.712316    00:15
13        0.502972    0.706349    00:15
14        0.489360    0.702586    00:15
15        0.487507    0.707699    00:15
16        0.499374    0.703358    00:15
17        0.499404    0.699607    00:15
18        0.487072    0.701680    00:15
19        0.500303    0.708848    00:15
20        0.487467    0.707673    00:15
21        0.491701    0.702206    00:15
22        0.487689    0.707047    00:15
23        0.496412    0.705458    00:15
24        0.483359    0.703243    00:15
25        0.475416    0.702956    00:15
26        0.479131    0.702255    00:15
27        0.465684    0.702136    00:15
28        0.490059    0.702495    00:15
29        0.483195    0.702352    00:15
{
  "condition": "uniform_alpha",
  "seed": 20260809,
  "selected_alpha": "[0.015382489936353553, 0.015382489936353553, 0.015382489936353553, 0.015382489936353553, 0.015382489936353553, 0.015382489936353553]",
  "raw_valid_mse": 0.6996068340179263,
  "valid_mse": 0.6980639585133487,
  "valid_rmse": 0.8355022193347835,
  "valid_mae": 0.5504555062227345,
  "elapsed_seconds": 471.3726062570058,
  "total_params": 66211,
  "trainable_params": 66208,
  "device": "cuda:0"
}
=== uniform_alpha, seed=20260810, epochs=30 ===
0         0.858797    1.121641    00:15
1         0.691985    0.929605    00:15
2         0.582381    0.818484    00:15
3         0.559386    0.788469    00:15
4         0.545525    0.759014    00:15
5         0.525813    0.737548    00:15
6         0.507879    0.727559    00:15
7         0.503866    0.724425    00:15
8         0.508597    0.727426    00:15
9         0.511848    0.726364    00:15
10        0.497569    0.728378    00:15
11        0.505731    0.718539    00:15
12        0.501154    0.710593    00:15
13        0.510930    0.721214    00:15
14        0.491748    0.719683    00:15
15        0.501345    0.715995    00:15
16        0.482496    0.716807    00:15
17        0.482787    0.714056    00:15
18        0.483258    0.715605    00:15
19        0.488500    0.709954    00:15
20        0.483111    0.710423    00:15
21        0.488434    0.711015    00:15
22        0.498010    0.710469    00:15
23        0.479778    0.708848    00:15
24        0.497998    0.708682    00:15
25        0.506410    0.708658    00:15
26        0.503070    0.709081    00:15
27        0.496845    0.709960    00:15
28        0.478188    0.709490    00:15
29        0.485574    0.709782    00:15
{
  "condition": "uniform_alpha",
  "seed": 20260810,
  "selected_alpha": "[0.01522862126455433, 0.01522862126455433, 0.01522862126455433, 0.01522862126455433, 0.01522862126455433, 0.01522862126455433]",
  "raw_valid_mse": 0.7086576840757556,
  "valid_mse": 0.7067115347703677,
  "valid_rmse": 0.8406613674782301,
  "valid_mae": 0.5518955588777532,
  "elapsed_seconds": 471.9813797750103,
  "total_params": 66211,
  "trainable_params": 66208,
  "device": "cuda:0"
}
=== uniform_alpha, seed=20260811, epochs=30 ===
0         0.800970    1.079998    00:15
1         0.659657    0.910776    00:15
2         0.597086    0.829631    00:15
3         0.553007    0.794915    00:15
4         0.540335    0.767366    00:15
5         0.525836    0.751226    00:15
6         0.525040    0.742453    00:15
7         0.528614    0.735330    00:15
8         0.503974    0.731047    00:15
9         0.498276    0.722139    00:15
10        0.514099    0.718200    00:15
11        0.508521    0.733347    00:15
12        0.498466    0.720829    00:15
13        0.511072    0.714579    00:16
14        0.502326    0.711607    00:15
15        0.483204    0.711040    00:15
16        0.484888    0.719833    00:15
17        0.503646    0.716826    00:16
18        0.484999    0.714415    00:15
19        0.497367    0.704221    00:15
20        0.494498    0.710838    00:15
21        0.484929    0.706135    00:15
22        0.492067    0.708700    00:15
23        0.489405    0.706860    00:15
24        0.470185    0.708282    00:15
25        0.479574    0.707815    00:15
26        0.490439    0.707574    00:15
27        0.483264    0.707305    00:15
28        0.485684    0.707369    00:15
29        0.486938    0.707096    00:15
{
  "condition": "uniform_alpha",
  "seed": 20260811,
  "selected_alpha": "[0.016315809370917644, 0.016315809370917644, 0.016315809370917644, 0.016315809370917644, 0.016315809370917644, 0.016315809370917644]",
  "raw_valid_mse": 0.7042209001986209,
  "valid_mse": 0.7031850953488578,
  "valid_rmse": 0.8385613247394956,
  "valid_mae": 0.5530001661709237,
  "elapsed_seconds": 470.82868395300466,
  "total_params": 66211,
  "trainable_params": 66208,
  "device": "cuda:0"
}
=== per_pollutant_alpha, seed=20260809, epochs=30 ===
0         0.811651    1.087162    00:15
1         0.680889    0.927605    00:15
2         0.605487    0.826428    00:15
3         0.557822    0.788451    00:15
4         0.544749    0.760648    00:15
5         0.552487    0.745704    00:16
6         0.521489    0.727927    00:15
7         0.517354    0.739372    00:15
8         0.510396    0.718152    00:15
9         0.515742    0.733482    00:15
10        0.506825    0.715630    00:15
11        0.511316    0.718894    00:15
12        0.512720    0.715765    00:15
13        0.503481    0.705579    00:15
14        0.489430    0.704570    00:15
15        0.488040    0.708181    00:15
16        0.499829    0.704411    00:15
17        0.499819    0.700902    00:15
18        0.487300    0.704155    00:15
19        0.500120    0.710140    00:15
20        0.487456    0.705079    00:15
21        0.492113    0.702147    00:15
22        0.487464    0.704158    00:15
23        0.496189    0.705516    00:15
24        0.483480    0.702548    00:15
25        0.475133    0.703191    00:15
26        0.478878    0.702827    00:16
27        0.465500    0.702196    00:15
28        0.489709    0.702515    00:15
29        0.482957    0.702296    00:15
{
  "condition": "per_pollutant_alpha",
  "seed": 20260809,
  "selected_alpha": "[0.3059045428694418, 0.0060860948517879685, 0.02443164484412294, 0.003806153499136648, 0.0, 0.04020047241707834]",
  "raw_valid_mse": 0.7009021067982055,
  "valid_mse": 0.6990232398391635,
  "valid_rmse": 0.8360760969189129,
  "valid_mae": 0.5520860678123748,
  "elapsed_seconds": 470.8544150039961,
  "total_params": 66211,
  "trainable_params": 66208,
  "device": "cuda:0"
}
=== per_pollutant_alpha, seed=20260810, epochs=30 ===
0         0.860050    1.123245    00:15
1         0.693840    0.931790    00:15
2         0.583267    0.817153    00:15
3         0.558846    0.788112    00:15
4         0.546016    0.760931    00:15
5         0.526888    0.741317    00:15
6         0.509181    0.729830    00:15
7         0.504673    0.729188    00:16
8         0.509338    0.730010    00:16
9         0.513138    0.725536    00:16
10        0.497435    0.730589    00:16
11        0.505718    0.721622    00:16
12        0.500335    0.711221    00:16
13        0.510086    0.721451    00:16
14        0.490899    0.721237    00:16
15        0.500210    0.718325    00:16
16        0.481710    0.716891    00:16
17        0.482076    0.714819    00:16
18        0.482732    0.715847    00:16
19        0.487716    0.711244    00:16
20        0.482447    0.710806    00:16
21        0.487840    0.711339    00:16
22        0.497316    0.710985    00:16
23        0.479319    0.709021    00:16
24        0.497334    0.709299    00:16
25        0.505551    0.709075    00:16
26        0.502752    0.709594    00:16
27        0.496585    0.710319    00:16
28        0.477666    0.709774    00:16
29        0.485121    0.710097    00:16
{
  "condition": "per_pollutant_alpha",
  "seed": 20260810,
  "selected_alpha": "[0.3247498907901025, 0.00626792046728251, 0.022869836294835976, 0.003734700630405145, 0.0, 0.0368672050199341]",
  "raw_valid_mse": 0.7090214769724653,
  "valid_mse": 0.7062713879438215,
  "valid_rmse": 0.840399540661358,
  "valid_mae": 0.5524033243887906,
  "elapsed_seconds": 487.79092737601604,
  "total_params": 66211,
  "trainable_params": 66208,
  "device": "cuda:0"
}
=== per_pollutant_alpha, seed=20260811, epochs=30 ===
0         0.803190    1.082841    00:16
1         0.661723    0.913489    00:16
2         0.598012    0.828419    00:16
3         0.552268    0.790299    00:16
4         0.539264    0.766271    00:16
5         0.526926    0.749465    00:16
6         0.526101    0.743921    00:16
7         0.529684    0.738065    00:16
8         0.504823    0.734611    00:16
9         0.498934    0.723735    00:16
10        0.514007    0.720060    00:15
11        0.508491    0.732766    00:15
12        0.498036    0.719761    00:15
13        0.510434    0.714323    00:16
14        0.501559    0.710826    00:15
15        0.482595    0.711142    00:15
16        0.483990    0.720010    00:15
17        0.502711    0.716863    00:15
18        0.484263    0.713431    00:15
19        0.496408    0.705053    00:15
20        0.494131    0.710237    00:15
21        0.484532    0.707001    00:15
22        0.491660    0.709868    00:15
23        0.488659    0.707424    00:15
24        0.469570    0.708665    00:15
25        0.479071    0.708645    00:15
26        0.490069    0.708686    00:15
27        0.482563    0.708132    00:15
28        0.484970    0.708343    00:15
29        0.486540    0.708000    00:15
{
  "condition": "per_pollutant_alpha",
  "seed": 20260811,
  "selected_alpha": "[0.3433374207397251, 0.006532380478700812, 0.024859155556147313, 0.003802625652308775, 0.0, 0.03752115754899131]",
  "raw_valid_mse": 0.7050534808406912,
  "valid_mse": 0.7026801262563732,
  "valid_rmse": 0.8382601781406375,
  "valid_mae": 0.5532053729308081,
  "elapsed_seconds": 478.87637133701355,
  "total_params": 66211,
  "trainable_params": 66208,
  "device": "cuda:0"
}
=== learnable_alpha, seed=20260809, epochs=30 ===
0         0.811530    1.086966    00:15
1         0.678957    0.923656    00:15
2         0.603287    0.823655    00:15
3         0.556276    0.786081    00:15
4         0.543503    0.759713    00:15
5         0.551403    0.745689    00:15
6         0.520727    0.727763    00:15
7         0.516726    0.739108    00:15
8         0.509585    0.715562    00:15
9         0.514607    0.730223    00:16
10        0.505844    0.713197    00:15
11        0.510673    0.717948    00:16
12        0.511551    0.715207    00:15
13        0.502570    0.704621    00:15
14        0.488645    0.704040    00:15
15        0.487155    0.707545    00:15
16        0.499112    0.703628    00:16
17        0.498763    0.699699    00:15
18        0.486403    0.702175    00:15
19        0.499470    0.709394    00:15
20        0.486611    0.705317    00:15
21        0.491197    0.702084    00:15
22        0.486476    0.704948    00:15
23        0.495310    0.705051    00:15
24        0.482931    0.702622    00:15
25        0.474449    0.702976    00:15
26        0.478204    0.702543    00:15
27        0.464755    0.701961    00:15
28        0.488899    0.702304    00:15
29        0.482202    0.702114    00:15
{
  "condition": "learnable_alpha",
  "seed": 20260809,
  "selected_alpha": "[0.312691330909729, 0.014683675952255726, 0.03738124668598175, 0.00658400496467948, 0.02193840965628624, 0.05079576000571251]",
  "raw_valid_mse": 0.6996991026401596,
  "valid_mse": 0.6996991026401596,
  "valid_rmse": 0.8364801866393248,
  "valid_mae": 0.5537420491872218,
  "elapsed_seconds": 469.0092711269972,
  "total_params": 66217,
  "trainable_params": 66214,
  "device": "cuda:0"
}
=== learnable_alpha, seed=20260810, epochs=30 ===
0         0.865864    1.131406    00:15
1         0.693913    0.931866    00:15
2         0.583056    0.817419    00:15
3         0.558440    0.787266    00:15
4         0.545863    0.760162    00:15
5         0.526700    0.739057    00:15
6         0.508542    0.726969    00:15
7         0.504126    0.728476    00:15
8         0.508935    0.730775    00:15
9         0.512511    0.727655    00:15
10        0.497461    0.728144    00:15
11        0.505155    0.721725    00:15
12        0.499947    0.711390    00:15
13        0.510809    0.719634    00:15
14        0.490481    0.720718    00:15
15        0.500203    0.718957    00:15
16        0.481555    0.717850    00:15
17        0.481847    0.715600    00:15
18        0.482562    0.717171    00:15
19        0.487615    0.711757    00:15
20        0.482045    0.712256    00:15
21        0.487841    0.712693    00:15
22        0.496880    0.712168    00:15
23        0.479197    0.710252    00:15
24        0.497316    0.709835    00:15
25        0.505455    0.710113    00:15
26        0.502679    0.710396    00:15
27        0.496547    0.711096    00:15
28        0.477557    0.710646    00:15
29        0.485015    0.710945    00:15
{
  "condition": "learnable_alpha",
  "seed": 20260810,
  "selected_alpha": "[0.3121577203273773, 0.014594542793929577, 0.03740934655070305, 0.006666372064501047, 0.022014353424310684, 0.050745148211717606]",
  "raw_valid_mse": 0.709835169455261,
  "valid_mse": 0.709835169455261,
  "valid_rmse": 0.8425171627066483,
  "valid_mae": 0.5551824663043687,
  "elapsed_seconds": 466.9319337999914,
  "total_params": 66217,
  "trainable_params": 66214,
  "device": "cuda:0"
}
=== learnable_alpha, seed=20260811, epochs=30 ===
0         0.801553    1.080787    00:15
1         0.660519    0.911260    00:15
2         0.597206    0.829363    00:15
3         0.551991    0.790441    00:15
4         0.539057    0.764841    00:15
5         0.526622    0.752032    00:15
6         0.526338    0.742745    00:15
7         0.529623    0.737139    00:15
8         0.504378    0.732863    00:15
9         0.498699    0.722607    00:15
10        0.514283    0.719049    00:15
11        0.507992    0.731649    00:15
12        0.497926    0.721261    00:15
13        0.510237    0.715944    00:15
14        0.501045    0.711844    00:15
15        0.482302    0.711462    00:15
16        0.483818    0.719688    00:15
17        0.502925    0.714815    00:15
18        0.484027    0.714699    00:15
19        0.496382    0.705147    00:15
20        0.493864    0.710690    00:15
21        0.484245    0.706414    00:15
22        0.491627    0.709123    00:15
23        0.488540    0.707599    00:15
24        0.469294    0.708430    00:15
25        0.478806    0.707930    00:15
26        0.489874    0.707355    00:15
27        0.482602    0.706996    00:15
28        0.484593    0.707077    00:15
29        0.486325    0.706766    00:15
{
  "condition": "learnable_alpha",
  "seed": 20260811,
  "selected_alpha": "[0.31248903274536133, 0.014750231988728046, 0.03739962354302406, 0.006727720145136118, 0.021952329203486443, 0.0507606565952301]",
  "raw_valid_mse": 0.7051469475784334,
  "valid_mse": 0.7051469475784334,
  "valid_rmse": 0.8397302826374868,
  "valid_mae": 0.5555898617215624,
  "elapsed_seconds": 467.21744111800217,
  "total_params": 66217,
  "trainable_params": 66214,
  "device": "cuda:0"
}
