Strict baseline input=(8569, 12, 168), target=(8569, 12, 24), center_index=0, valid=852
=== strict_patchtst seed=20260809 ===
0         0.813891    1.073094    00:13
1         0.670360    0.907212    00:12
2         0.592619    0.813186    00:12
3         0.553542    0.784303    00:12
4         0.545302    0.766874    00:12
5         0.554083    0.755668    00:12
6         0.524003    0.741235    00:12
7         0.520925    0.751531    00:12
8         0.516950    0.727876    00:13
9         0.521817    0.742862    00:13
10        0.515271    0.727565    00:12
11        0.516577    0.733070    00:12
12        0.518944    0.728892    00:12
13        0.514030    0.721908    00:12
14        0.498606    0.718947    00:12
15        0.495667    0.720840    00:12
16        0.507485    0.717532    00:12
17        0.509175    0.714366    00:12
18        0.498073    0.717836    00:12
19        0.509478    0.723478    00:12
20        0.498911    0.721622    00:13
21        0.503452    0.715884    00:12
22        0.497050    0.722894    00:12
23        0.507527    0.720511    00:12
24        0.493927    0.718221    00:12
25        0.482701    0.718449    00:12
26        0.485775    0.717221    00:12
27        0.473534    0.717279    00:12
28        0.499639    0.717457    00:12
29        0.493218    0.717433    00:12
{
  "condition": "strict_patchtst",
  "seed": 20260809,
  "valid_mse": 0.7143663608871217,
  "valid_rmse": 0.8452019645546984,
  "valid_mae": 0.5549288135015737,
  "elapsed_seconds": 382.71400106902,
  "total_params": 49907,
  "trainable_params": 49904,
  "device": "cuda:0"
}
=== strict_patchtst seed=20260810 ===
0         0.860259    1.139396    00:12
1         0.694616    0.934658    00:12
2         0.585832    0.818637    00:12
3         0.560174    0.788824    00:12
4         0.547152    0.761667    00:12
5         0.527438    0.746444    00:12
6         0.508767    0.736964    00:12
7         0.503812    0.735585    00:12
8         0.510023    0.736590    00:12
9         0.515949    0.734623    00:12
10        0.500803    0.738115    00:12
11        0.508857    0.730588    00:12
12        0.505851    0.719007    00:12
13        0.516407    0.728068    00:12
14        0.496052    0.728784    00:12
15        0.507869    0.725919    00:13
16        0.487278    0.724411    00:12
17        0.486776    0.722400    00:12
18        0.487911    0.724928    00:12
19        0.492754    0.718641    00:12
20        0.489136    0.719648    00:12
21        0.492529    0.720094    00:12
22        0.503781    0.718711    00:12
23        0.486556    0.717697    00:12
24        0.506051    0.716932    00:12
25        0.513263    0.717552    00:12
26        0.511068    0.717499    00:12
27        0.502291    0.717862    00:12
28        0.485613    0.717488    00:12
29        0.491422    0.717950    00:12
{
  "condition": "strict_patchtst",
  "seed": 20260810,
  "valid_mse": 0.7169321119130279,
  "valid_rmse": 0.8467184372109939,
  "valid_mae": 0.5541623433782867,
  "elapsed_seconds": 383.81952113099396,
  "total_params": 49907,
  "trainable_params": 49904,
  "device": "cuda:0"
}
=== strict_patchtst seed=20260811 ===
0         0.852602    1.113129    00:12
1         0.688644    0.921119    00:12
2         0.595358    0.817631    00:12
3         0.546129    0.781206    00:12
4         0.533763    0.759509    00:12
5         0.524632    0.750246    00:12
6         0.522664    0.746020    00:12
7         0.526408    0.740119    00:12
8         0.505838    0.736995    00:12
9         0.499458    0.728317    00:12
10        0.514719    0.724201    00:12
11        0.512982    0.743013    00:12
12        0.501983    0.728216    00:12
13        0.516368    0.724462    00:12
14        0.504768    0.720396    00:12
15        0.487863    0.720318    00:12
16        0.491581    0.728641    00:12
17        0.512424    0.725903    00:12
18        0.490637    0.724469    00:12
19        0.505723    0.715060    00:12
20        0.498346    0.721385    00:12
21        0.490804    0.716443    00:12
22        0.496971    0.718909    00:12
23        0.497030    0.717239    00:12
24        0.476232    0.718517    00:12
25        0.485327    0.718347    00:12
26        0.499636    0.718013    00:12
27        0.490890    0.717428    00:12
28        0.493225    0.717656    00:12
29        0.493033    0.717481    00:12
{
  "condition": "strict_patchtst",
  "seed": 20260811,
  "valid_mse": 0.7150597817223406,
  "valid_rmse": 0.845612075198989,
  "valid_mae": 0.5550932328749939,
  "elapsed_seconds": 382.4099719010119,
  "total_params": 49907,
  "trainable_params": 49904,
  "device": "cuda:0"
}
